4 6
4 7
64 10
ssssssssssssssssssssssssssssssssssssssssssssssssssssssssssssssss
ssssssssssssssssssssssssssssssssssssssssssssssssssssssssssssssss
ssssssssssssssssssssssssssssssssssssssssssssssssssssssssssssssss
ssssssssssssssssssssssssssssssssssssssssssssssssssssssssssssssss
ssssssssssssssssssssssssssssssssssssssssssssssssssssssssssssssss
ssssssssssssssssssssssssssssssssssssssssssssssssssssssssssssssss
ssssssssssssssssssssssssssssssssssssssssssssssssssssssssssssssss
ssssssssssssssssssssssssssssssssssssssssssssssssssssssssssssssss
ssssssssssssssssssssssssssssssssssssssssssssssssssssssssssssssss
ssssssssssssssssssssssssssssssssssssssssssssssssssssssssssssssss

tttttttttttttttttttttttttttttttttttttttttttttttttttttttttttttttt
tttttttttttttttttttttttttttttttttttttttttthhhhhtttthhhhhtttttttt
tttttt         ttttttttttttttttttttttttttthhhhhtttthhhhhtttttttt
tttt             tttttttttttttttt         hhdhh ttthdhhhtttttttt
ttt                     tttt              hhdhh    hdhhh  tttttt
ttt                  rrrrrrrrrrrrrrrrrrrrrrrrrrrrrrrrrrrrrrrrrrr
tt      tt           rrrrrrrrrrrrrrrrrrrrrrrrrrrrrrrrrrrrrrrrrrr
ttt  ttttttt    tttttrrrrrrrrrrrrrrrrrrrrrrrrrrrrrrrrrrrrrrrrrrr
tttttttttttttttttttttrrrtttttttttttttttttttttttttttrrrtttttttttt
tttttttttttttttttttttttttttttttttttttttttttttttttttrrrtttttttttt