3 5
5 29
16 32
ssssssssssssssss
ssssssssssssssss
ssssssssssssssss
ssssssssssssssss
ssssssssssssssss
ssssssssssssssss
ssssssssssssssss
ssssssssssssssss
ssssssssssssssss
ssssssssssssssss
ssssssssssssssss
ssssssssssssssss
ssssssssssssssss
ssssssssssssssss
ssssssssssssssss
ssssssssssssssss
ssssssssssssssss
ssssssssssssssss
ssssssssssssssss
ssssssssssssssss
ssssssssssssssss
ssssssssssssssss
ssssssssssssssss
ssssssssssssssss
ssssssssssssssss
ssssssssssssssss
ssssssssssssssss
ssssssssssssssss
ssssssssssssssss
ssssssssssssssss
ssssssssssssssss
ssssssssssssssss

tttttttttttttttt
tthhhhhttttttttt
tthhhhhttttttttt
tthdhhhttttttttt
t hdhhh  ttttttt
trrrrrrrrrrrrrrt
trrrrrrrrrrrrrrt
trrrrrrrrrrrrrrt
ttrrr    ttttttt
ttrrr    ttttttt
ttrrr       tttt
ttrrrrrrrrrr  tt
ttrrrrrrrrrr ttt
ttrrrrrrrrrrtttt
tttt     rrrtttt
ttttttt  rrr ttt
tttttttttrrr  tt
tttttttttrrr  tt
ttttttt  rrr  tt
ttttt    rrr  tt
rrrrrrrrrrrrrrrr
rrrrrrrrrrrrrrrr
rrrrrrrrrrrrrrrr
tt      rrr   tt
tthhhhh rrr   tt
tthhhhh rrr   tt
tthhhhh rrr   tt
tthhhdh rrr   tt
tthhhdh rrr   tt
tt      rrr   tt
ttttttttrrrttttt
tttttttttttttttt
