3 15
3 3
20 24
dddddddddddddddddddd
dddddddddddddddddddd
dddddddddddddddddddd
dddddddddddddddddddd
dddddddddddddddddddd
dddddddddddddddddddd
dddddddddddddddddddd
dddddddddddddddddddd
dddddddddddddddddddd
dddddddddddddddddddd
dddddddddddddddddddd
dddddddddddddddddddd
dddddddddddddddddddd
dddddddddddddddddddd
dddddddddddddddddddd
dddddddddddddddddddd
dddddddddddddddddddd
dddddddddddddddddddd
dddddddddddddddddddd
dddddddddddddddddddd
dddddddddddddddddddd
dddddddddddddddddddd
dddddddddddddddddddd
dddddddddddddddddddd

tttttttttttttttttttt
tttttttttttttttttttt
tt   HHHHHH   tttttt
tt   HHHHHH   tttttt
tt   HHHHHH      ttt
tt   HHqHHH       tt
tt   HHqHHH  t    tt
tt t      t     tttt
tt t           ttttt
tt   t    t   tttttt
ttt t  t      tttttt
ttt      t     ttttt
ttttt             tt
tt tt  t      t   tt
tt  t     tt      tt
tt  t     tt      tt
tt   t        t   tt
tt t      t      ttt
tt  tt   t      tttt
tt  tt         ttttt
ttt   t    t   ttttt
tttt    t     tttttt
tttttttttttttttttttt
tttttttttttttttttttt